In file included from /Users/justin/Documents/GitHub/Madeira-actions/research/dxmt/libs/DXBCParser/ShaderBinary.cpp:4:
/Users/justin/Documents/GitHub/Madeira-actions/research/dxmt/libs/DXBCParser/ShaderBinary.h:149:49: warning: first argument in call to 'memcpy' is a pointer to non-trivially copyable type 'microsoft::D3D10ShaderBinary::COperandBase' [-Wnontrivial-memcall]
  149 |   COperandBase(const COperandBase &Op) { memcpy(this, &Op, sizeof(*this)); }
      |                                                 ^
/Users/justin/Documents/GitHub/Madeira-actions/research/dxmt/libs/DXBCParser/ShaderBinary.h:149:49: note: explicitly cast the pointer to silence this warning
  149 |   COperandBase(const COperandBase &Op) { memcpy(this, &Op, sizeof(*this)); }
      |                                                 ^
      |                                                 (void*)
/Users/justin/Documents/GitHub/Madeira-actions/research/dxmt/libs/DXBCParser/ShaderBinary.h:152:14: warning: first argument in call to 'memcpy' is a pointer to non-trivially copyable type 'microsoft::D3D10ShaderBinary::COperandBase' [-Wnontrivial-memcall]
  152 |       memcpy(this, &Op, sizeof(*this));
      |              ^
/Users/justin/Documents/GitHub/Madeira-actions/research/dxmt/libs/DXBCParser/ShaderBinary.h:152:14: note: explicitly cast the pointer to silence this warning
  152 |       memcpy(this, &Op, sizeof(*this));
      |              ^
      |              (void*)
/Users/justin/Documents/GitHub/Madeira-actions/research/dxmt/libs/DXBCParser/ShaderBinary.h:265:25: warning: first argument in call to 'memset' is a pointer to non-trivially copyable type 'microsoft::D3D10ShaderBinary::COperandBase' [-Wnontrivial-memcall]
  265 |   void Clear() { memset(this, 0, sizeof(*this)); }
      |                         ^
/Users/justin/Documents/GitHub/Madeira-actions/research/dxmt/libs/DXBCParser/ShaderBinary.h:265:25: note: explicitly cast the pointer to silence this warning
  265 |   void Clear() { memset(this, 0, sizeof(*this)); }
      |                         ^
      |                         (void*)
/Users/justin/Documents/GitHub/Madeira-actions/research/dxmt/libs/DXBCParser/ShaderBinary.h:1280:12: warning: first argument in call to 'memset' is a pointer to non-trivially copyable type 'microsoft::D3D10ShaderBinary::CInstruction' [-Wnontrivial-memcall]
 1280 |     memset(this, 0, sizeof(*this));
      |            ^
/Users/justin/Documents/GitHub/Madeira-actions/research/dxmt/libs/DXBCParser/ShaderBinary.h:1280:12: note: explicitly cast the pointer to silence this warning
 1280 |     memset(this, 0, sizeof(*this));
      |            ^
      |            (void*)
4 warnings generated.
